// Jest Snapshot v1, https://goo.gl/fbAQLP

exports[`[INTEGRATION] [GRAPHQL] [QUERY] - getProducts Should return expected data when requested 1`] = `
Object {
  "data": Object {
    "getProducts": Array [
      Object {
        "buyPrice": 20,
        "code": "BOOK01",
        "createdAt": "1564232856176",
        "discountPercent": 0,
        "id": "5d3c4c980c79592fead7aaaa",
        "name": "Agile Principles - Robert C. Martin",
        "quantity": 10,
        "sellPrice": 30,
        "updatedAt": "1564232856176",
      },
      Object {
        "buyPrice": 20,
        "code": "BOOK02",
        "createdAt": "1564232856176",
        "discountPercent": 0,
        "id": "5d3c4c980c79592fead7bbbb",
        "name": "Refactoring - Martin Fowler",
        "quantity": 10,
        "sellPrice": 30,
        "updatedAt": "1564232856176",
      },
      Object {
        "buyPrice": 20,
        "code": "BOOK03",
        "createdAt": "1564232856176",
        "discountPercent": 0,
        "id": "5d3c4c980c79592fead7cccc",
        "name": "Domain Specific Language - Martin Fowler",
        "quantity": 10,
        "sellPrice": 30,
        "updatedAt": "1564232856176",
      },
      Object {
        "buyPrice": 20,
        "code": "BOOK04",
        "createdAt": "1564232856176",
        "discountPercent": 0,
        "id": "5d3c4c980c79592fead7dddd",
        "name": "Clean Architecture - Robert C. Martin",
        "quantity": 10,
        "sellPrice": 30,
        "updatedAt": "1564232856176",
      },
      Object {
        "buyPrice": 20,
        "code": "BOOK05",
        "createdAt": "1564232856176",
        "discountPercent": 0,
        "id": "5d3c4c980c79592fead7eeee",
        "name": "The Clean Coder - Robert C. Martin",
        "quantity": 10,
        "sellPrice": 30,
        "updatedAt": "1564232856176",
      },
    ],
  },
  "errors": undefined,
  "extensions": undefined,
  "http": Object {
    "headers": Headers {
      Symbol(map): Object {},
    },
  },
}
`;
